2026-09-14T08:12:52.111420Z 0 [System] [MY-015015] [Server] MySQL Server - start.
2026-09-14T08:12:52.344060Z 0 [System] [MY-010116] [Server] D:\mysql\bin\mysqld.exe (mysqld 26.7.0) starting as process 3584
2026-09-14T08:12:52.344074Z 0 [System] [MY-015603] [Server] MySQL Server has access to 16 logical CPUs.
2026-09-14T08:12:52.344086Z 0 [System] [MY-015603] [Server] MySQL Server has access to 33618251776 bytes of physical memory.
2026-09-14T08:12:52.396304Z 1 [System] [MY-013576] [InnoDB] InnoDB initialization has started.
2026-09-14T08:12:52.592901Z 1 [ERROR] [MY-013183] [InnoDB] Assertion failure: fil0innodb_pages_persistence.cc:251:!tablespace_ids.empty() thread 21244
InnoDB: We intentionally generate a memory trap.
InnoDB: Submit a detailed bug report to http://bugs.mysql.com.
InnoDB: If you get repeated assertion failures or crashes, even
InnoDB: immediately after the mysqld startup, there may be
InnoDB: corruption in the InnoDB tablespace. Please refer to
InnoDB: http://dev.mysql.com/doc/refman/26.7/en/forcing-innodb-recovery.html
InnoDB: about forcing recovery.
2026-09-14T08:12:52Z UTC - mysqld got exception 0x16 ;
Most likely, you have hit a bug, but this error can also be caused by malfunctioning hardware.
Thread pointer: 0x1fb5e923b70
Attempting backtrace. You can use the following information to find out
where mysqld died. If you see no messages after this, something went
terribly wrong...
7ff6a42a2a2e    mysqld.exe!?my_print_stacktrace@@YAXPEBEK@Z()
7ff6a3d0e15f    mysqld.exe!?my_server_abort@@YAXXZ()
7ff6a3d0df2a    mysqld.exe!?my_server_abort@@YAXXZ()
7ff6a429dc06    mysqld.exe!?my_abort@@YAXXZ()
7ff6a434d3cb    mysqld.exe!?do_reset@None_dec@compression@event@binlog@mysql@@EEAAXXZ()
7ff6a3a3810c    mysqld.exe!??1Decompressor@compression@event@binlog@mysql@@UEAA@XZ()
7ff6a3b397f4    mysqld.exe!??__Fs_view_name@?1??view_name@Json_duality_views@system_views@dd@@SAAEBV?$basic_string@DU?$char_traits@D@std@@V?$Stateless_allocator@DUString_type_alloc@dd@@UMy_free_functor@@@@@std@@XZ@YAXXZ()
7ff6a31a9193    mysqld.exe!?sql_mode_quoted_string_representation@@YA_NPEAVTHD@@_KPEAUMYSQL_LEX_STRING@@@Z()
7ff6a31a7009    mysqld.exe!?sql_mode_quoted_string_representation@@YA_NPEAVTHD@@_KPEAUMYSQL_LEX_STRING@@@Z()
7ff6a31a5e83    mysqld.exe!?charset@Field_typed_array@@UEBAPEBUCHARSET_INFO@@XZ()
7ff6a35917da    mysqld.exe!?sys_var_add_options@@YAHPEAV?$vector@Umy_option@@V?$allocator@Umy_option@@@std@@@std@@H@Z()
7ff6a3520bab    mysqld.exe!??0Table_ref@@QEAA@PEBD_K01W4thr_lock_type@@W4enum_mdl_type@@@Z()
7ff6a3371822    mysqld.exe!?add@Thread_to_plugin_map@@QEAA_NKPEBX@Z()
7ff6a3371725    mysqld.exe!?add@Thread_to_plugin_map@@QEAA_NKPEBX@Z()
7ff6a3371648    mysqld.exe!?add@Thread_to_plugin_map@@QEAA_NKPEBX@Z()
7ffe5a93cd30    ucrtbase.dll!wcsrchr()
7ffe5afbccb7    KERNEL32.DLL!BaseThreadInitThunk()
7ffe5cdead6c    ntdll.dll!RtlUserThreadStart()

Trying to get some variables.
Some pointers may be invalid and cause the dump to abort.
Query (0): 
Connection ID (thread ID): 1
Status: NOT_KILLED

The manual page at https://dev.mysql.com/doc/mysql/en/crashing.html contains
information that should help you find out what is causing the crash.
